[tkkhalifahjogja.com/index.html]
[backblue.gif]
[fade.gif]
[index.html]
[tkkhalifahjogja.com/resource/doc/images/logo_tk.png]
[tkkhalifahjogja.com/resource/themes/public/css/styles.css]
[tkkhalifahjogja.com/resource/themes/public/css/camera.css]
[tkkhalifahjogja.com/resource/themes/public/css/video-js.css]
[tkkhalifahjogja.com/resource/themes/public/css/prettyPhoto.css]
[tkkhalifahjogja.com/resource/themes/public/css/flexnav.css]
[tkkhalifahjogja.com/resource/themes/public/themeChanger/css/colorpicker.css]
[tkkhalifahjogja.com/resource/themes/public/themeChanger/css/themeChanger.css]
[tkkhalifahjogja.com/resource/themes/public/css/table.css]
[tkkhalifahjogja.com/resource/themes/public/css/animate.css]
[ajax.googleapis.com/ajax/libs/jquery/1.7.1/jquery.min.js]
[tkkhalifahjogja.com/resource/doc/images/logo/logo.png]
[tkkhalifahjogja.com/resource/doc/images/logo/jogja.png]
[tkkhalifahjogja.com/public/home.html]
[tkkhalifahjogja.com/public/post.html]
[tkkhalifahjogja.com/public/read/index/sambutan-direktur.html]
[tkkhalifahjogja.com/public/read/index/visi-misi.html]
[tkkhalifahjogja.com/public/read/index/profil-sekolah.html]
[tkkhalifahjogja.com/public/read/index/prestasi.html]
[tkkhalifahjogja.com/public/read/index/keunggulan.html]
[tkkhalifahjogja.com/public/read/index/visit-dokter.html]
[tkkhalifahjogja.com/public/read/index/layanan-psikologi.html]
[tkkhalifahjogja.com/public/read/index/perlengkapan-sekolah.html]
[tkkhalifahjogja.com/public/notice.html]
[tkkhalifahjogja.com/public/read/index/daftar-aktivitas.html]
[tkkhalifahjogja.com/public/gallery.html]
[tkkhalifahjogja.com/public/contact.html]
[tkkhalifahjogja.com/resource/doc/banner/040919074501128_banner_web_manasik_haji_2019.jpg]
[tkkhalifahjogja.com/resource/doc/banner/270318124955980_banner-web_lokasi-gedongkuning.jpg]
[tkkhalifahjogja.com/resource/doc/banner/090819031609952_banner_web_gedongkuning_pindah.jpg]
[tkkhalifahjogja.com/resource/doc/banner/230316085331261_banner-brbs.jpg]
[tkkhalifahjogja.com/resource/doc/banner/141115014216452_ippho.jpg]
[tkkhalifahjogja.com/resource/doc/news_images/5848-IMG-20190929-WA0001.jpg]
[tkkhalifahjogja.com/resource/doc/news_images/3577-DSC_0555-C.jpg]
[tkkhalifahjogja.com/public/post/detail/minitrip-tk-khalifah-condongcatur-ke-sindu-kusuma-edupark.html]
[tkkhalifahjogja.com/resource/doc/news_images/6993-DSC_0555-B.jpg]
[tkkhalifahjogja.com/public/post/detail/marketday-tk-khalifah-bantul.html]
[tkkhalifahjogja.com/public/post/detail/semarak-guru-memperingati-hut-ri-ke-74.html]
[tkkhalifahjogja.com/resource/doc/page/101-1805-1094-7162-Khalifah-Banner-Web.jpg]
[tkkhalifahjogja.com/resource/doc/page/5562-AAB-3.jpg]
[tkkhalifahjogja.com/resource/doc/page/3994-AAB2-Icon.jpg]
[tkkhalifahjogja.com/public/notice/detail/akademi-ayah-bunda-2.html]
[tkkhalifahjogja.com/resource/doc/homepage/icons/sample-icon1.png]
[tkkhalifahjogja.com/resource/doc/homepage/icons/sample-icon2.png]
[tkkhalifahjogja.com/resource/doc/homepage/icons/sample-icon3.png]
[tkkhalifahjogja.com/resource/doc/images/logo/ontk.png]
[tkkhalifahjogja.com/resource/doc/images/icon/fb-new.png]
[tkkhalifahjogja.com/resource/doc/images/icon/ig-new.png]
[tkkhalifahjogja.com/resource/doc/images/icon/wa-new.png]
[tkkhalifahjogja.com/resource/js/js_public/modernizr.custom.js]
[tkkhalifahjogja.com/resource/js/js_public/jquery-ui-1.8.16.custom.min.js]
[tkkhalifahjogja.com/resource/js/js_public/jquery.lavalamp-1.4.min.js]
[tkkhalifahjogja.com/resource/js/js_public/jquery.jcarousel.min.js]
[tkkhalifahjogja.com/resource/js/js_public/camera.min.js]
[tkkhalifahjogja.com/resource/js/js_public/jquery.flexnav.min.js]
[tkkhalifahjogja.com/resource/js/js_public/jquery.prettyPhoto.js]
[tkkhalifahjogja.com/resource/js/js_public/video.js]
[tkkhalifahjogja.com/resource/js/js_public/jquery.tweet.js]
[tkkhalifahjogja.com/resource/js/js_public/themeChanger/colorpicker.js]
[tkkhalifahjogja.com/resource/js/js_public/scripts.js]
[tkkhalifahjogja.com/resource/js/js_public/themeChanger/themeChanger.js]
[tkkhalifahjogja.com/resource/js/js_public/textillate/jquery.fittext.js]
[tkkhalifahjogja.com/resource/js/js_public/textillate/jquery.lettering.js]
[tkkhalifahjogja.com/index.html]
[tkkhalifahjogja.com/resource/js/js_public/textillate/jquery.textillate.js]
[tkkhalifahjogja.com/resource/themes/public/css/common.css]
[tkkhalifahjogja.com/resource/themes/public/css/content.css]
[tkkhalifahjogja.com/resource/themes/public/css/sidebar.47.delayed]
[tkkhalifahjogja.com/resource/themes/public/css/element.48.delayed]
[tkkhalifahjogja.com/resource/themes/public/css/slider.49.delayed]
[tkkhalifahjogja.com/resource/themes/public/load-style.css]
[tkkhalifahjogja.com/resource/themes/public/images/bck-new.jpg]
[tkkhalifahjogja.com/resource/themes/public/images/blue/arrow_prev_next.png]
[tkkhalifahjogja.com/resource/themes/public/images/blue/direction-nav.png]
[tkkhalifahjogja.com/resource/js/jquery/jquery-1.8.3.js]
[tkkhalifahjogja.com/resource/themes/public/images/blue/slider_control_left_bg.png]
[tkkhalifahjogja.com/resource/themes/public/images/blue/slider_control_right_bg.png]
[tkkhalifahjogja.com/resource/themes/public/images/blue/slider_control_bg.png]
[tkkhalifahjogja.com/resource/themes/public/images/blue/slider_control_item_bg.png]
[tkkhalifahjogja.com/resource/themes/public/images/blue/slider_control_active_item_bg.png]
[tkkhalifahjogja.com/resource/themes/public/images/blue/button_bg.png]
[tkkhalifahjogja.com/resource/themes/public/images/blue/button_hover_bg.png]
[tkkhalifahjogja.com/resource/themes/public/images/blue/audio_icon.png]
[tkkhalifahjogja.com/resource/themes/public/images/blue/video_icon.png]
[tkkhalifahjogja.com/resource/themes/public/images/blue/picture_icon.png]
[tkkhalifahjogja.com/resource/themes/public/images/blue/audio_mini_icon.png]
[tkkhalifahjogja.com/resource/themes/public/images/blue/video_mini_icon.png]
[tkkhalifahjogja.com/resource/themes/public/images/blue/picture_mini_icon.png]
[tkkhalifahjogja.com/resource/themes/public/images/blue/slider_control_prev_item_bg.png]
[tkkhalifahjogja.com/resource/themes/public/images/blue/slider_control_next_item_bg.png]
[tkkhalifahjogja.com/resource/themes/public/images/blue/to_top_button_bg.png]
[tkkhalifahjogja.com/resource/themes/public/images/blue/bg_post_date.png]
[tkkhalifahjogja.com/resource/themes/public/images/blue/d_bg_post_date.png]
[tkkhalifahjogja.com/resource/themes/public/images/red/arrow_prev_next.png]
[tkkhalifahjogja.com/resource/themes/public/images/red/direction-nav.png]
[tkkhalifahjogja.com/resource/themes/public/images/red/slider_control_left_bg.png]
[tkkhalifahjogja.com/resource/themes/public/images/red/slider_control_right_bg.png]
[tkkhalifahjogja.com/resource/themes/public/images/red/slider_control_bg.png]
[tkkhalifahjogja.com/resource/themes/public/images/red/slider_control_item_bg.png]
[tkkhalifahjogja.com/resource/themes/public/images/red/slider_control_active_item_bg.png]
[tkkhalifahjogja.com/resource/themes/public/images/red/button_bg.png]
[tkkhalifahjogja.com/resource/themes/public/images/red/button_hover_bg.png]
[tkkhalifahjogja.com/resource/themes/public/images/red/wave-border.png]
[tkkhalifahjogja.com/resource/themes/public/images/red/magic-border.png]
[tkkhalifahjogja.com/resource/themes/public/images/red/bottom_container_top_bg.png]
[tkkhalifahjogja.com/resource/themes/public/images/red/bottom_container_bg.png]
[tkkhalifahjogja.com/resource/themes/public/images/red/color_icon.png]
[tkkhalifahjogja.com/resource/themes/public/images/red/audio_icon.png]
[tkkhalifahjogja.com/resource/themes/public/images/red/video_icon.png]
[tkkhalifahjogja.com/resource/themes/public/images/red/picture_icon.png]
[tkkhalifahjogja.com/resource/themes/public/images/red/audio_mini_icon.png]
[tkkhalifahjogja.com/resource/themes/public/images/red/video_mini_icon.png]
[tkkhalifahjogja.com/resource/themes/public/images/red/picture_mini_icon.png]
[tkkhalifahjogja.com/resource/themes/public/images/red/hint_bg_1.png]
[tkkhalifahjogja.com/resource/themes/public/images/red/hint_bg_2.png]
[tkkhalifahjogja.com/resource/themes/public/images/red/slider_control_prev_item_bg.png]
[tkkhalifahjogja.com/resource/themes/public/images/red/slider_control_next_item_bg.png]
[tkkhalifahjogja.com/resource/themes/public/images/red/to_top_button_bg.png]
[tkkhalifahjogja.com/resource/themes/public/images/red/bg_sign_up.png]
[tkkhalifahjogja.com/resource/themes/public/images/red/contact_block_list_bg.png]
[tkkhalifahjogja.com/resource/themes/public/images/red/recent_post_list_bg.png]
[tkkhalifahjogja.com/resource/themes/public/images/red/comments_block_list_bg.7b.delayed]
[tkkhalifahjogja.com/resource/themes/public/images/red/bg_post_date.png]
[tkkhalifahjogja.com/resource/themes/public/images/red/d_bg_post_date.png]
[tkkhalifahjogja.com/resource/themes/public/images/green/arrow_prev_next.png]
[tkkhalifahjogja.com/resource/themes/public/images/green/direction-nav.png]
[tkkhalifahjogja.com/resource/themes/public/images/green/slider_control_left_bg.png]
[tkkhalifahjogja.com/resource/themes/public/images/green/slider_control_right_bg.png]
[tkkhalifahjogja.com/resource/themes/public/images/green/slider_control_bg.png]
[tkkhalifahjogja.com/resource/themes/public/images/green/slider_control_item_bg.png]
[tkkhalifahjogja.com/resource/themes/public/images/green/slider_control_active_item_bg.png]
[tkkhalifahjogja.com/resource/themes/public/images/green/button_bg.png]
[tkkhalifahjogja.com/resource/themes/public/images/green/button_hover_bg.png]
[tkkhalifahjogja.com/resource/themes/public/images/green/wave-border.png]
[tkkhalifahjogja.com/resource/themes/public/images/green/magic-border.png]
[tkkhalifahjogja.com/resource/themes/public/images/green/bottom_container_top_bg.png]
[tkkhalifahjogja.com/resource/themes/public/images/green/bottom_container_bg.png]
[tkkhalifahjogja.com/resource/themes/public/images/green/color_icon.png]
[tkkhalifahjogja.com/resource/themes/public/images/green/audio_icon.png]
[tkkhalifahjogja.com/resource/themes/public/images/green/video_icon.png]
[tkkhalifahjogja.com/resource/themes/public/images/green/picture_icon.png]
[tkkhalifahjogja.com/resource/themes/public/images/green/audio_mini_icon.png]
[tkkhalifahjogja.com/resource/themes/public/images/green/video_mini_icon.png]
[tkkhalifahjogja.com/resource/themes/public/images/green/picture_mini_icon.png]
[tkkhalifahjogja.com/resource/themes/public/images/green/hint_bg_1.png]
[tkkhalifahjogja.com/resource/themes/public/images/green/hint_bg_2.png]
[tkkhalifahjogja.com/resource/themes/public/images/green/slider_control_prev_item_bg.png]
[tkkhalifahjogja.com/resource/themes/public/images/green/slider_control_next_item_bg.png]
[tkkhalifahjogja.com/resource/themes/public/images/green/to_top_button_bg.png]
[tkkhalifahjogja.com/resource/themes/public/images/green/bg_sign_up.png]
[tkkhalifahjogja.com/resource/themes/public/images/green/contact_block_list_bg.png]
[tkkhalifahjogja.com/resource/themes/public/images/green/recent_post_list_bg.png]
[tkkhalifahjogja.com/resource/themes/public/images/green/comments_block_list_bg.9a.delayed]
[tkkhalifahjogja.com/resource/themes/public/images/green/bg_post_date.png]
[tkkhalifahjogja.com/resource/themes/public/images/green/d_bg_post_date.png]
[tkkhalifahjogja.com/resource/themes/public/images/brown/arrow_prev_next.png]
[tkkhalifahjogja.com/resource/themes/public/images/brown/direction-nav.png]
[tkkhalifahjogja.com/resource/themes/public/images/brown/slider_control_left_bg.png]
[tkkhalifahjogja.com/resource/themes/public/images/brown/slider_control_right_bg.png]
[tkkhalifahjogja.com/resource/themes/public/images/brown/slider_control_bg.png]
[tkkhalifahjogja.com/resource/themes/public/images/brown/slider_control_item_bg.png]
[tkkhalifahjogja.com/resource/themes/public/images/brown/slider_control_active_item_bg.png]
[tkkhalifahjogja.com/resource/themes/public/images/brown/button_bg.png]
[tkkhalifahjogja.com/resource/themes/public/images/brown/button_hover_bg.png]
[tkkhalifahjogja.com/resource/themes/public/images/brown/wave-border.png]
[tkkhalifahjogja.com/resource/themes/public/images/brown/magic-border.png]
[tkkhalifahjogja.com/resource/themes/public/images/brown/bottom_container_top_bg.png]
[tkkhalifahjogja.com/resource/themes/public/images/brown/bottom_container_bg.png]
[tkkhalifahjogja.com/resource/themes/public/images/brown/color_icon.png]
[tkkhalifahjogja.com/resource/themes/public/images/brown/audio_icon.png]
[tkkhalifahjogja.com/resource/themes/public/images/brown/video_icon.png]
[tkkhalifahjogja.com/resource/themes/public/images/brown/picture_icon.png]
[tkkhalifahjogja.com/resource/themes/public/images/brown/audio_mini_icon.png]
[tkkhalifahjogja.com/resource/themes/public/images/brown/video_mini_icon.png]
[tkkhalifahjogja.com/resource/themes/public/images/brown/picture_mini_icon.png]
[tkkhalifahjogja.com/resource/themes/public/images/brown/hint_bg_1.png]
[tkkhalifahjogja.com/resource/themes/public/images/brown/hint_bg_2.png]
[tkkhalifahjogja.com/resource/themes/public/images/brown/slider_control_prev_item_bg.png]
[tkkhalifahjogja.com/resource/themes/public/images/brown/slider_control_next_item_bg.png]
[tkkhalifahjogja.com/resource/themes/public/images/brown/to_top_button_bg.png]
[tkkhalifahjogja.com/resource/themes/public/images/brown/bg_sign_up.png]
[tkkhalifahjogja.com/resource/themes/public/images/brown/contact_block_list_bg.png]
[tkkhalifahjogja.com/resource/themes/public/images/brown/recent_post_list_bg.png]
[tkkhalifahjogja.com/resource/themes/public/images/brown/comments_block_list_bg.b9.delayed]
[tkkhalifahjogja.com/resource/themes/public/images/brown/bg_post_date.png]
[tkkhalifahjogja.com/resource/themes/public/images/brown/d_bg_post_date.png]
[tkkhalifahjogja.com/resource/themes/public/images/peachy/arrow_prev_next.png]
[tkkhalifahjogja.com/resource/themes/public/images/peachy/direction-nav.png]
[tkkhalifahjogja.com/resource/themes/public/images/peachy/slider_control_left_bg.png]
[tkkhalifahjogja.com/resource/themes/public/images/peachy/slider_control_right_bg.png]
[tkkhalifahjogja.com/resource/themes/public/images/peachy/slider_control_bg.png]
[tkkhalifahjogja.com/resource/themes/public/images/peachy/slider_control_item_bg.png]
[tkkhalifahjogja.com/resource/themes/public/images/peachy/slider_control_active_item_bg.png]
[tkkhalifahjogja.com/resource/themes/public/images/peachy/more_button_bg.png]
[tkkhalifahjogja.com/resource/themes/public/images/peachy/button_hover_bg.png]
[tkkhalifahjogja.com/resource/themes/public/images/peachy/wave-border.png]
[tkkhalifahjogja.com/resource/themes/public/images/peachy/magic-border.png]
[tkkhalifahjogja.com/resource/themes/public/images/peachy/bottom_container_top_bg.png]
[tkkhalifahjogja.com/resource/themes/public/images/peachy/bottom_container_bg.png]
[tkkhalifahjogja.com/resource/themes/public/images/peachy/color_icon.png]
[tkkhalifahjogja.com/resource/themes/public/images/peachy/audio_icon.png]
[tkkhalifahjogja.com/resource/themes/public/images/peachy/video_icon.png]
[tkkhalifahjogja.com/resource/themes/public/images/peachy/picture_icon.png]
[tkkhalifahjogja.com/resource/themes/public/images/peachy/audio_mini_icon.png]
[tkkhalifahjogja.com/resource/themes/public/images/peachy/video_mini_icon.png]
[tkkhalifahjogja.com/resource/themes/public/images/peachy/picture_mini_icon.png]
[tkkhalifahjogja.com/resource/themes/public/images/peachy/hint_bg_1.png]
[tkkhalifahjogja.com/resource/themes/public/images/peachy/hint_bg_2.png]
[tkkhalifahjogja.com/resource/themes/public/images/peachy/slider_control_prev_item_bg.png]
[tkkhalifahjogja.com/resource/themes/public/images/peachy/slider_control_next_item_bg.png]
[tkkhalifahjogja.com/resource/themes/public/images/peachy/to_top_button_bg.png]
[tkkhalifahjogja.com/resource/themes/public/images/peachy/bg_sign_up.png]
[tkkhalifahjogja.com/resource/themes/public/images/peachy/contact_block_list_bg.png]
[tkkhalifahjogja.com/resource/themes/public/images/peachy/recent_post_list_bg.png]
[tkkhalifahjogja.com/resource/themes/public/images/peachy/comments_block_list_bg.d8.delayed]
[tkkhalifahjogja.com/resource/themes/public/images/peachy/bg_post_date.png]
[tkkhalifahjogja.com/resource/themes/public/images/peachy/d_bg_post_date.png]
[tkkhalifahjogja.com/resource/themes/public/images/violet/arrow_prev_next.png]
[tkkhalifahjogja.com/resource/themes/public/images/violet/direction-nav.png]
[tkkhalifahjogja.com/resource/themes/public/images/violet/slider_control_left_bg.png]
[tkkhalifahjogja.com/resource/themes/public/images/violet/slider_control_right_bg.png]
[tkkhalifahjogja.com/resource/themes/public/images/violet/slider_control_bg.png]
[tkkhalifahjogja.com/resource/themes/public/images/violet/slider_control_item_bg.png]
[tkkhalifahjogja.com/resource/themes/public/images/violet/slider_control_active_item_bg.png]
[tkkhalifahjogja.com/resource/themes/public/images/violet/button_bg.png]
[tkkhalifahjogja.com/resource/themes/public/images/violet/button_hover_bg.png]
[tkkhalifahjogja.com/resource/themes/public/images/violet/wave-border.png]
[tkkhalifahjogja.com/resource/themes/public/images/violet/magic-border.png]
[tkkhalifahjogja.com/resource/themes/public/images/violet/bottom_container_top_bg.png]
[tkkhalifahjogja.com/resource/themes/public/images/violet/bottom_container_bg.png]
[tkkhalifahjogja.com/resource/themes/public/images/violet/color_icon.png]
[tkkhalifahjogja.com/resource/themes/public/images/violet/audio_icon.png]
[tkkhalifahjogja.com/resource/themes/public/images/violet/video_icon.png]
[tkkhalifahjogja.com/resource/themes/public/images/violet/picture_icon.png]
[tkkhalifahjogja.com/resource/themes/public/images/violet/audio_mini_icon.png]
[tkkhalifahjogja.com/resource/themes/public/images/violet/video_mini_icon.png]
[tkkhalifahjogja.com/resource/themes/public/images/violet/picture_mini_icon.png]
[tkkhalifahjogja.com/resource/themes/public/images/violet/hint_bg_1.png]
[tkkhalifahjogja.com/resource/themes/public/images/violet/hint_bg_2.png]
[tkkhalifahjogja.com/resource/themes/public/images/violet/slider_control_prev_item_bg.png]
[tkkhalifahjogja.com/resource/themes/public/images/violet/slider_control_next_item_bg.png]
[tkkhalifahjogja.com/resource/themes/public/images/violet/to_top_button_bg.png]
[tkkhalifahjogja.com/resource/themes/public/images/violet/bg_sign_up.png]
[tkkhalifahjogja.com/resource/themes/public/images/violet/contact_block_list_bg.png]
[tkkhalifahjogja.com/resource/themes/public/images/violet/recent_post_list_bg.png]
[tkkhalifahjogja.com/resource/themes/public/images/violet/comments_block_list_bg.f7.delayed]
[tkkhalifahjogja.com/resource/themes/public/images/violet/bg_post_date.png]
[tkkhalifahjogja.com/resource/themes/public/images/violet/d_bg_post_date.png]
[tkkhalifahjogja.com/resource/themes/public/images/pattern_1_left_top_bg.png]
[tkkhalifahjogja.com/resource/themes/public/images/pattern_1_right_top_bg.png]
[tkkhalifahjogja.com/resource/themes/public/images/pattern_1_left_bg.png]
[tkkhalifahjogja.com/resource/themes/public/images/pattern_1_right_bg.png]
[tkkhalifahjogja.com/resource/themes/public/images/pattern_2_right_bg.png]
[tkkhalifahjogja.com/resource/themes/public/images/pattern_3_left_bg.png]
[tkkhalifahjogja.com/resource/themes/public/images/pattern_4_left_bg.png]
[tkkhalifahjogja.com/resource/themes/public/images/pattern_4_right_bg.png]
[tkkhalifahjogja.com/resource/themes/public/images/pattern_5_left_bg.png]
[tkkhalifahjogja.com/resource/themes/public/images/pattern_5_right_bg.png]
[tkkhalifahjogja.com/resource/themes/public/images/pattern_6_right_bg.png]
[tkkhalifahjogja.com/resource/themes/public/images/pattern_7_left_bg.png]
[tkkhalifahjogja.com/resource/themes/public/images/pattern_7_right_bg.png]
[tkkhalifahjogja.com/resource/themes/public/images/pattern_8_left_bg.png]
[tkkhalifahjogja.com/resource/themes/public/images/pattern_8_right_bg.png]
[tkkhalifahjogja.com/resource/themes/public/images/pattern_9_left_bg.png]
[tkkhalifahjogja.com/resource/themes/public/images/pattern_9_right_bg.png]
[tkkhalifahjogja.com/resource/themes/public/images/social-icons.png]
[tkkhalifahjogja.com/resource/themes/public/font/boulder-font.ttf]
[tkkhalifahjogja.com/resource/themes/public/images/breadcrumb_bg.png]
[tkkhalifahjogja.com/resource/themes/public/images/icons/carousel-nav.png]
[tkkhalifahjogja.com/resource/themes/public/images/gallery-divider.png]
[tkkhalifahjogja.com/resource/themes/public/images/bg_gl_cat.png]
[tkkhalifahjogja.com/resource/themes/public/images/bg_gl_cat_bottom.png]
[tkkhalifahjogja.com/resource/themes/public/images/bg_splitter.png]
[tkkhalifahjogja.com/resource/themes/public/images/bg_splitter_current.png]
[tkkhalifahjogja.com/resource/themes/public/images/icons/tweet.png]
[tkkhalifahjogja.com/resource/themes/public/images/icons/icons_widget_footer.png]
[tkkhalifahjogja.com/resource/themes/public/images/post_block_separator.png]
[tkkhalifahjogja.com/resource/themes/public/images/bg_tabs.png]
[tkkhalifahjogja.com/resource/themes/public/images/dropcapspot_1.png]
[tkkhalifahjogja.com/resource/themes/public/images/rig.png]
[tkkhalifahjogja.com/resource/themes/public/images/quote-right.png]
[tkkhalifahjogja.com/resource/themes/public/images/quote.png]
[tkkhalifahjogja.com/resource/themes/public/images/bg-code.png]
[tkkhalifahjogja.com/resource/themes/public/images/opener-arrow.png]
[tkkhalifahjogja.com/resource/themes/public/images/get-code-area.png]
[tkkhalifahjogja.com/resource/themes/public/images/icons/expand_collapse.png]
[tkkhalifahjogja.com/resource/themes/public/images/bg_pagenavi_direction.png]
[tkkhalifahjogja.com/resource/themes/public/images/bg_pagenavi_item.png]
[tkkhalifahjogja.com/resource/themes/public/images/pagination_shadow.png]
[tkkhalifahjogja.com/resource/themes/public/images/bg-type-1.png]
[tkkhalifahjogja.com/resource/themes/public/images/icons/expand_collapse_widget.png]
[tkkhalifahjogja.com/resource/themes/public/images/bg-widget-type2.png]
[tkkhalifahjogja.com/resource/themes/public/images/bg-widget-type3.png]
[tkkhalifahjogja.com/resource/themes/public/images/icons/expand_collapse_type-3.png]
[tkkhalifahjogja.com/resource/themes/public/images/aside-holder-widget.png]
[tkkhalifahjogja.com/resource/themes/public/images/bg_info.png]
[tkkhalifahjogja.com/resource/themes/public/images/icons/info.png]
[tkkhalifahjogja.com/resource/themes/public/images/bg_gl_text.png]
[tkkhalifahjogja.com/resource/themes/public/images/icons/folder.png]
[tkkhalifahjogja.com/resource/themes/public/images/icons/image-icon.png]
[tkkhalifahjogja.com/resource/themes/public/images/icons/texts-icon.png]
[tkkhalifahjogja.com/resource/themes/public/images/icons/video-posts-icon.png]
[tkkhalifahjogja.com/resource/themes/public/images/icons/phone-icon.png]
[tkkhalifahjogja.com/resource/themes/public/images/icons/mobile-phone-icon.png]
[tkkhalifahjogja.com/resource/themes/public/images/icons/mailto.png]
[tkkhalifahjogja.com/resource/themes/public/images/icons/male-icon.png]
[tkkhalifahjogja.com/resource/themes/public/images/icons/female-icon.png]
[tkkhalifahjogja.com/resource/themes/public/images/sitemap-arrow.png]
[tkkhalifahjogja.com/resource/themes/public/images/shadow-sprite.png]
[tkkhalifahjogja.com/resource/themes/public/images/icons/arrow-icon.png]
[tkkhalifahjogja.com/resource/themes/public/images/icons/error-icon.png]
[tkkhalifahjogja.com/resource/themes/public/images/icons/alert-icon.png]
[tkkhalifahjogja.com/resource/themes/public/images/icons/notice-icon.png]
[tkkhalifahjogja.com/resource/themes/public/images/icons/custom-success.png]
[tkkhalifahjogja.com/resource/themes/public/images/icons/custom-error.png]
[tkkhalifahjogja.com/resource/themes/public/images/icons/custom-inform.png]
[tkkhalifahjogja.com/resource/themes/public/images/icons/custom-warning.png]
[tkkhalifahjogja.com/resource/themes/public/images/icons/custom-edit.png]
[tkkhalifahjogja.com/resource/themes/public/images/icons/custom-members.png]
[tkkhalifahjogja.com/resource/themes/public/images/icons/custom-tip.png]
[tkkhalifahjogja.com/resource/themes/public/images/icons/custom-download.png]
[tkkhalifahjogja.com/resource/themes/public/images/icons/custom-hello.png]
[tkkhalifahjogja.com/resource/themes/public/images/icons/icon-type-1.png]
[tkkhalifahjogja.com/resource/themes/public/images/icons/icon-type-2.png]
[tkkhalifahjogja.com/resource/themes/public/images/icons/icon-type-3.png]
[tkkhalifahjogja.com/resource/themes/public/images/icons/icon-type-4.png]
[tkkhalifahjogja.com/resource/themes/public/images/icons/icon-type-5.png]
[tkkhalifahjogja.com/resource/themes/public/images/icons/icon-type-6.png]
[tkkhalifahjogja.com/resource/themes/public/images/icons/icon-type-7.png]
[tkkhalifahjogja.com/resource/themes/public/images/icons/icon-type-8.png]
[tkkhalifahjogja.com/resource/themes/public/images/icons/icon-type-9.png]
[tkkhalifahjogja.com/resource/themes/public/images/icons/icon-type-10.png]
[tkkhalifahjogja.com/resource/themes/public/images/footer_row.png]
[tkkhalifahjogja.com/resource/themes/public/images/current-row.png]
[tkkhalifahjogja.com/resource/themes/public/images/offer-teaser.png]
[tkkhalifahjogja.com/resource/themes/public/images/area-holder.png]
[tkkhalifahjogja.com/resource/themes/public/images/bg_metaholder.png]
[tkkhalifahjogja.com/resource/themes/public/images/bg_metadata_date.png]
[tkkhalifahjogja.com/resource/themes/public/images/comments-icon.png]
[tkkhalifahjogja.com/resource/themes/public/images/bg-post-footer-categories.png]
[tkkhalifahjogja.com/resource/themes/public/images/arrow.png]
[tkkhalifahjogja.com/resource/themes/public/images/bg_form.png]
[tkkhalifahjogja.com/resource/themes/public/css/styles.css]
[tkkhalifahjogja.com/resource/themes/public/images/blank.gif]
[tkkhalifahjogja.com/resource/themes/public/images/camera-loader.gif]
[tkkhalifahjogja.com/resource/themes/public/images/camera_skins.png]
[tkkhalifahjogja.com/resource/themes/public/css/camera.css]
[tkkhalifahjogja.com/resource/themes/public/css/video-js.css]
[tkkhalifahjogja.com/resource/themes/public/images/prettyPhoto/default/sprite.png]
[tkkhalifahjogja.com/resource/themes/public/images/prettyPhoto/default/sprite_x.png]
[tkkhalifahjogja.com/resource/themes/public/images/prettyPhoto/default/sprite_y.png]
[tkkhalifahjogja.com/resource/themes/public/images/prettyPhoto/default/sprite_next.png]
[tkkhalifahjogja.com/resource/themes/public/images/prettyPhoto/default/sprite_prev.png]
[tkkhalifahjogja.com/resource/themes/public/images/prettyPhoto/default/default_thumb.png]
[tkkhalifahjogja.com/resource/themes/public/images/prettyPhoto/default/loader.gif]
[tkkhalifahjogja.com/resource/themes/public/images/prettyPhoto/light_rounded/sprite.png]
[tkkhalifahjogja.com/resource/themes/public/images/prettyPhoto/light_rounded/btnNext.png]
[tkkhalifahjogja.com/resource/themes/public/images/prettyPhoto/light_rounded/btnPrevious.png]
[tkkhalifahjogja.com/resource/themes/public/images/prettyPhoto/dark_rounded/sprite.png]
[tkkhalifahjogja.com/resource/themes/public/images/prettyPhoto/dark_rounded/contentPattern.png]
[tkkhalifahjogja.com/resource/themes/public/images/prettyPhoto/dark_rounded/btnNext.png]
[tkkhalifahjogja.com/resource/themes/public/images/prettyPhoto/dark_rounded/btnPrevious.png]
[tkkhalifahjogja.com/resource/themes/public/images/prettyPhoto/dark_rounded/loader.gif]
[tkkhalifahjogja.com/resource/themes/public/images/prettyPhoto/dark_square/loader.gif]
[tkkhalifahjogja.com/resource/themes/public/images/prettyPhoto/dark_square/sprite.png]
[tkkhalifahjogja.com/resource/themes/public/images/prettyPhoto/dark_square/btnNext.png]
[tkkhalifahjogja.com/resource/themes/public/images/prettyPhoto/dark_square/btnPrevious.png]
[tkkhalifahjogja.com/resource/themes/public/images/prettyPhoto/light_square/sprite.png]
[tkkhalifahjogja.com/resource/themes/public/images/prettyPhoto/light_square/btnNext.png]
[tkkhalifahjogja.com/resource/themes/public/images/prettyPhoto/light_square/btnPrevious.png]
[tkkhalifahjogja.com/resource/themes/public/images/prettyPhoto/facebook/sprite.png]
[tkkhalifahjogja.com/resource/themes/public/images/prettyPhoto/facebook/contentPatternTop.png]
[tkkhalifahjogja.com/resource/themes/public/images/prettyPhoto/facebook/contentPatternLeft.png]
[tkkhalifahjogja.com/resource/themes/public/images/prettyPhoto/facebook/contentPatternRight.png]
[tkkhalifahjogja.com/resource/themes/public/images/prettyPhoto/facebook/loader.gif]
[tkkhalifahjogja.com/resource/themes/public/images/prettyPhoto/facebook/btnNext.png]
[tkkhalifahjogja.com/resource/themes/public/images/prettyPhoto/facebook/btnPrevious.png]
[tkkhalifahjogja.com/resource/themes/public/images/prettyPhoto/facebook/contentPatternBottom.png]
[tkkhalifahjogja.com/resource/themes/public/images/prettyPhoto/facebook/default_thumbnail.gif]
[tkkhalifahjogja.com/resource/themes/public/images/prettyPhoto/light_rounded/loader.gif]
[tkkhalifahjogja.com/resource/themes/public/css/prettyPhoto.css]
[tkkhalifahjogja.com/resource/themes/public/css/flexnav.css]
[tkkhalifahjogja.com/resource/themes/public/themeChanger/images/colorpicker_background.png]
[tkkhalifahjogja.com/resource/themes/public/themeChanger/images/colorpicker_overlay.png]
[tkkhalifahjogja.com/resource/themes/public/themeChanger/images/colorpicker_select.gif]
[tkkhalifahjogja.com/resource/themes/public/themeChanger/images/colorpicker_indic.gif]
[tkkhalifahjogja.com/resource/themes/public/themeChanger/images/colorpicker_hex.png]
[tkkhalifahjogja.com/resource/themes/public/themeChanger/images/colorpicker_rgb_r.png]
[tkkhalifahjogja.com/resource/themes/public/themeChanger/images/colorpicker_rgb_g.png]
[tkkhalifahjogja.com/resource/themes/public/themeChanger/images/colorpicker_rgb_b.png]
[tkkhalifahjogja.com/resource/themes/public/themeChanger/images/colorpicker_hsb_h.png]
[tkkhalifahjogja.com/resource/themes/public/themeChanger/images/colorpicker_hsb_s.png]
[tkkhalifahjogja.com/resource/themes/public/themeChanger/images/colorpicker_hsb_b.png]
[tkkhalifahjogja.com/resource/themes/public/themeChanger/css/colorpicker.css]
[tkkhalifahjogja.com/resource/themes/public/themeChanger/images/colorpicker_submit.png]
[tkkhalifahjogja.com/resource/themes/public/themeChanger/images/theme_control_bg.png]
[tkkhalifahjogja.com/resource/themes/public/themeChanger/images/blue_color_icon.png]
[tkkhalifahjogja.com/resource/themes/public/themeChanger/images/red_color_icon.png]
[tkkhalifahjogja.com/resource/themes/public/themeChanger/images/peachy_color_icon.png]
[tkkhalifahjogja.com/resource/themes/public/themeChanger/images/green_color_icon.png]
[tkkhalifahjogja.com/resource/themes/public/themeChanger/images/brown_color_icon.png]
[tkkhalifahjogja.com/resource/themes/public/themeChanger/images/violet_color_icon.png]
[tkkhalifahjogja.com/resource/themes/public/themeChanger/images/patterns_sprite.png]
[tkkhalifahjogja.com/resource/themes/public/themeChanger/css/themeChanger.css]
[tkkhalifahjogja.com/resource/themes/public/img/button-edit-bg.gif]
[tkkhalifahjogja.com/resource/themes/public/img/button-edit-hover-bg.197.delayed]
[tkkhalifahjogja.com/resource/themes/public/css/table.css]
[tkkhalifahjogja.com/resource/themes/public/css/animate.css]
[tkkhalifahjogja.com/public/home.html]
[tkkhalifahjogja.com/public/post/detail/manasik-haji-pgtk-khalifah-yogyakarta-2019.html]
[tkkhalifahjogja.com/resource/doc/news_images/1334-DSC_0628-B.jpg]
[tkkhalifahjogja.com/resource/doc/news_images/9704-IMG-20190724-WA0009.jpg]
[tkkhalifahjogja.com/public/post/detail/kegiatan-awal-tahun-ajaran-20192020-tk-khalifah-condongcatur.html]
[tkkhalifahjogja.com/public/post/index/5.html]
[tkkhalifahjogja.com/public/post/index/10.html]
[tkkhalifahjogja.com/public/post/index/50.html]
[tkkhalifahjogja.com/public/post/detail/tips-memilih-penitipan-anak-yang-aman.html]
[tkkhalifahjogja.com/public/post/detail/anak-anak-yang-berotak-kanan-di-dunia-yang-berotak-kiri.html]
[tkkhalifahjogja.com/public/post/detail/aku-marah.html]
[tkkhalifahjogja.com/public/post/detail/pentingnya-pendidikan-agama-untuk-anak.html]
[tkkhalifahjogja.com/public/post/detail/cara-mendidik-anak-ala-rasulullah.html]
[tkkhalifahjogja.com/public/post/detail/hikmah-mengantri.html]
[tkkhalifahjogja.com/public/post/detail/mendidik-anak-dengan-tauhid.html]
[tkkhalifahjogja.com/public/post/detail/tujuh-superstar-nutrisi.html]
[tkkhalifahjogja.com/public/post/detail/merawat-gigi-sejak-dini.html]
[tkkhalifahjogja.com/public/post/detail/tips-anak-tetap-sehat-pada-peralihan-musim.html]
[tkkhalifahjogja.com/public/post/detail/kunjungan-studi-banding-dari-tk-ba-aisyiyah-mangkujayan-ponorogo.html]
[tkkhalifahjogja.com/public/post/detail/pentas-seni-&-keakraban-khalifah-condongcatur.html]
[tkkhalifahjogja.com/public/post/detail/program-pelatihan-singkat.html]
[tkkhalifahjogja.com/public/post/detail/penerimaan-siswa-baru-2017-2018.html]
[tkkhalifahjogja.com/public/post/detail/ayahku-inspirasiku.html]
[tkkhalifahjogja.com/public/post/detail/cooking-class-tk-khalifah-condong-catur-yogyakarta.html]
[tkkhalifahjogja.com/public/post/detail/ayah-bunda...1b09d24.delayed]
[tkkhalifahjogja.com/public/post/detail/hot-promo-desember-2017.html]
[tkkhalifahjogja.com/public/post/detail/melatih-konsentrasi-dengan-bermain-musik.html]
[tkkhalifahjogja.com/public/post/detail/5-tips-mengisi-liburan-sekolah-anak-yang-bermanfaat.html]
[tkkhalifahjogja.com/public/post/detail/selamat-hari-ibu.html]
[tkkhalifahjogja.com/public/post/detail/tutorial-membuat-sunny-box-bento.html]
[tkkhalifahjogja.com/public/post/detail/aku-ingin-menjadi-pilot.html]
[tkkhalifahjogja.com/public/post/detail/siapa-mau-jadi-pengusaha-roti-.html]
[tkkhalifahjogja.com/public/post/detail/outing-class-ke-pemadam-kebakaran.html]
[tkkhalifahjogja.com/public/post/detail/happy-khalifah-family.html]
[tkkhalifahjogja.com/public/post/detail/dampingi-buah-hati-anda-saat-belajar.html]
[tkkhalifahjogja.com/public/post/detail/ajarkan-anak--untuk-berbagi.html]
[tkkhalifahjogja.com/public/post/detail/pentas-angklung-anak-–-anak-pgtk-khalifah-yogyakarta-di-ambarukmo-plaza.html]
[tkkhalifahjogja.com/public/post/detail/peringatan-isra-mi’raj-nabi-muhammad-saw-di-tk--pg-khalifah-yogyakarta.html]
[tkkhalifahjogja.com/public/post/detail/akhirusanahwisuda-tk-khalifah-yogyakarta.html]
[tkkhalifahjogja.com/public/post/detail/pg--tk-khalifah-gedong-kuning-pindah-lokasi.html]
[tkkhalifahjogja.com/public/post/detail/5-perilaku-yang-harus-diiliki-ayah-bunda-saat-mendidik-anak.html]
[tkkhalifahjogja.com/public/post/detail/tips-penting-memilih-sekolah-taman-kanakkanak-tk.html]
[tkkhalifahjogja.com/public/post/detail/melatih-anak-berpuasa-sejak-dini.html]
[tkkhalifahjogja.com/public/post/detail/mabit-ramadhan-1440-h-tk-khalifah-condongcatur.html]
[tkkhalifahjogja.com/public/post/detail/pentingnya-menghargai-perasaan-anak.html]
[tkkhalifahjogja.com/public/post/detail/program-unggulan.html]
[tkkhalifahjogja.com/public/post/detail/bangga-dengan-hasil-karyaku.html]
[tkkhalifahjogja.com/public/post/detail/merasakan-angin-disekitar-kita.html]
[tkkhalifahjogja.com/public/post/detail/berenang-asyik-di-kids-fun.html]
[tkkhalifahjogja.com/public/post/detail/belajar-bersama-orang-tua.html]
[tkkhalifahjogja.com/public/post/detail/mengenalkan-pasar-tradisional-sejak-dini-pada-anak.html]
[tkkhalifahjogja.com/public/post/detail/mengenalkan-teknologi-komunikasi-dan-informatika-kepada-anak-anak.html]
[tkkhalifahjogja.com/public/post/detail/gemar-membaca-sejak-usia-dini.html]
[tkkhalifahjogja.com/public/post/detail/berlatih-terampil-sejak-dini.html]
[tkkhalifahjogja.com/public/post.html]
[tkkhalifahjogja.com/public/post/detail/gigiku-sehat.html]
[tkkhalifahjogja.com/resource/doc/static_images/2334-Win-Trail-3.jpg]
[tkkhalifahjogja.com/public/read/index/sambutan-direktur.html]
[tkkhalifahjogja.com/public/read/index/visi-misi.html]
[tkkhalifahjogja.com/public/read/index/profil-sekolah.html]
[tkkhalifahjogja.com/public/read/index/prestasi.html]
[tkkhalifahjogja.com/public/read/index/keunggulan.html]
[tkkhalifahjogja.com/resource/doc/static_images/2807-Pemeriksaan-Gigi.jpg]
[tkkhalifahjogja.com/public/read/index/visit-dokter.html]
[tkkhalifahjogja.com/resource/doc/static_images/8636-IMG_0912.jpg]
[tkkhalifahjogja.com/public/read/index/layanan-psikologi.html]
[tkkhalifahjogja.com/public/read/index/perlengkapan-sekolah.html]
[tkkhalifahjogja.com/public/notice/index/3.html]
[tkkhalifahjogja.com/public/notice/detail/syarat-pendaftaran-siswa-baru.html]
[tkkhalifahjogja.com/public/notice.html]
[tkkhalifahjogja.com/public/read/index/daftar-aktivitas.html]
[tkkhalifahjogja.com/public/gallery/detail/12.html]
[tkkhalifahjogja.com/public/gallery/detail/11.html]
[tkkhalifahjogja.com/public/gallery/detail/10.html]
[tkkhalifahjogja.com/resource/doc/gallery_images/7462-IMG-20161125-WA0015.jpg]
[tkkhalifahjogja.com/resource/doc/gallery_images/6844-DSC01068.jpg]
[tkkhalifahjogja.com/public/gallery/detail/9.html]
[tkkhalifahjogja.com/resource/doc/gallery_images/7643-20130917_093108.jpg]
[tkkhalifahjogja.com/public/gallery/detail/8.html]
[tkkhalifahjogja.com/public/gallery/detail/7.html]
[tkkhalifahjogja.com/resource/doc/gallery_images/8018-Poster-ABB-JAN-2016.jpg]
[tkkhalifahjogja.com/resource/doc/gallery_images/3126-IMG_0687.jpg]
[tkkhalifahjogja.com/public/gallery/detail/6.html]
[tkkhalifahjogja.com/public/gallery/detail/5.html]
[tkkhalifahjogja.com/resource/doc/gallery_images/5183-IMG_1501.jpg]
[tkkhalifahjogja.com/public/gallery/detail/4.html]
[tkkhalifahjogja.com/resource/doc/gallery_images/5948-Seminar_parenting_01.jpg]
[tkkhalifahjogja.com/resource/doc/gallery_images/7507-Ippho_santosa_01.jpg]
[tkkhalifahjogja.com/public/gallery/detail/3.html]
[tkkhalifahjogja.com/resource/doc/gallery_images/1852-Dunia_keceriaan_anak_01.jpg]
[tkkhalifahjogja.com/public/gallery.html]
[tkkhalifahjogja.com/public/gallery/detail/2.html]
[tkkhalifahjogja.com/resource/doc/captcha/1576407069,2713.jpg]
[connect.facebook.net/id_ID/all.js]
[tkkhalifahjogja.com/resource/doc/images/icon/telp-icon1.jpg]
[tkkhalifahjogja.com/resource/doc/images/icon/gmail-icons.png]
[tkkhalifahjogja.com/resource/doc/images/icon/ig-k.png]
[tkkhalifahjogja.com/resource/doc/images/icon/wa-k.png]
[tkkhalifahjogja.com/public/contact.html]
[tkkhalifahjogja.com/public/post/detail/minitrip-tk-khalifah-condongcatur-ke-sindu-kusuma-edupark.html]
[tkkhalifahjogja.com/public/post/index.html]
[tkkhalifahjogja.com/public/post/detail/marketday-tk-khalifah-bantul.html]
[tkkhalifahjogja.com/public/post/detail/semarak-guru-memperingati-hut-ri-ke-74.html]
[tkkhalifahjogja.com/public/notice/detail/pendaftaran-siswa-baru-tahun-ajaran-2019-2020]
[tkkhalifahjogja.com/public/notice/detail/akademi-ayah-bunda-2.html]
[tkkhalifahjogja.com/resource/themes/public/css/common.html]
[tkkhalifahjogja.com/resource/themes/public/css/content.html]
[tkkhalifahjogja.com/resource/themes/public/css/sidebar.html]
[tkkhalifahjogja.com/resource/themes/public/css/element.html]
[tkkhalifahjogja.com/resource/themes/public/css/slider.html]
[tkkhalifahjogja.com/resource/themes/public/images/red/wave-border.html]
[tkkhalifahjogja.com/resource/themes/public/images/red/magic-border.html]
[tkkhalifahjogja.com/resource/themes/public/images/red/color_icon.html]
[tkkhalifahjogja.com/resource/themes/public/images/red/contact_block_list_bg.html]
[tkkhalifahjogja.com/resource/themes/public/images/red/recent_post_list_bg.html]
[tkkhalifahjogja.com/resource/themes/public/images/red/comments_block_list_bg.html]
[tkkhalifahjogja.com/resource/themes/public/images/green/wave-border.html]
[tkkhalifahjogja.com/resource/themes/public/images/green/magic-border.html]
[tkkhalifahjogja.com/resource/themes/public/images/green/color_icon.html]
[tkkhalifahjogja.com/resource/themes/public/images/green/contact_block_list_bg.html]
[tkkhalifahjogja.com/resource/themes/public/images/green/recent_post_list_bg.html]
[tkkhalifahjogja.com/resource/themes/public/images/green/comments_block_list_bg.html]
[tkkhalifahjogja.com/resource/themes/public/images/brown/wave-border.html]
[tkkhalifahjogja.com/resource/themes/public/images/brown/magic-border.html]
[tkkhalifahjogja.com/resource/themes/public/images/brown/color_icon.html]
[tkkhalifahjogja.com/resource/themes/public/images/brown/contact_block_list_bg.html]
[tkkhalifahjogja.com/resource/themes/public/images/brown/recent_post_list_bg.html]
[tkkhalifahjogja.com/resource/themes/public/images/brown/comments_block_list_bg.html]
[tkkhalifahjogja.com/resource/themes/public/images/peachy/wave-border.html]
[tkkhalifahjogja.com/resource/themes/public/images/peachy/magic-border.html]
[tkkhalifahjogja.com/resource/themes/public/images/peachy/color_icon.html]
[tkkhalifahjogja.com/resource/themes/public/images/peachy/contact_block_list_bg.html]
[tkkhalifahjogja.com/resource/themes/public/images/peachy/recent_post_list_bg.html]
[tkkhalifahjogja.com/resource/themes/public/images/peachy/comments_block_list_bg.html]
[tkkhalifahjogja.com/resource/themes/public/images/violet/wave-border.html]
[tkkhalifahjogja.com/resource/themes/public/images/violet/magic-border.html]
[tkkhalifahjogja.com/resource/themes/public/images/violet/color_icon.html]
[tkkhalifahjogja.com/resource/themes/public/images/violet/contact_block_list_bg.html]
[tkkhalifahjogja.com/resource/themes/public/images/violet/recent_post_list_bg.html]
[tkkhalifahjogja.com/resource/themes/public/images/violet/comments_block_list_bg.html]
[tkkhalifahjogja.com/resource/js/js_public/jquery.easing-1.3.min.js]
[tkkhalifahjogja.com/resource/themes/public/images/pattern_3_right_bg.png]
[tkkhalifahjogja.com/resource/themes/public/images/pattern_6_left_bg.png]
[tkkhalifahjogja.com/public/notice/detail/akademi-ayah-bunda-3]
[tkkhalifahjogja.com/resource/themes/public/images/icons/audio-icon.png]
[tkkhalifahjogja.com/resource/themes/public/images/shadow-sprite.html]
[tkkhalifahjogja.com/resource/themes/public/images/icons/info-icon.png]
[tkkhalifahjogja.com/resource/themes/public/images/icons/success-icon.png]
[tkkhalifahjogja.com/resource/themes/public/images/blank.html]
[tkkhalifahjogja.com/resource/themes/public/img/button-edit-bg.html]
[tkkhalifahjogja.com/resource/themes/public/img/button-edit-hover-bg.html]
[tkkhalifahjogja.com/resource/themes/public/themeChanger/images/restore_button_bg.png]
[tkkhalifahjogja.com/public/post/detail/manasik-haji-pgtk-khalifah-yogyakarta-2019.html]
[tkkhalifahjogja.com/public/post/detail/kegiatan-awal-tahun-ajaran-20192020-tk-khalifah-condongcatur.html]
[tkkhalifahjogja.com/resource/doc/news_images/9022-IMG-20190509-WA0019.jpg]
[tkkhalifahjogja.com/resource/doc/news_images/5767-IMG-20190724-WA0011.jpg]
[tkkhalifahjogja.com/resource/doc/news_images/997-IMG-20190509-WA0021.jpg]
[tkkhalifahjogja.com/resource/doc/news_images/2311-IMG-20190509-WA0018.jpg]
[tkkhalifahjogja.com/public/post/index/15.html]
[tkkhalifahjogja.com/public/post/index/5.html]
[tkkhalifahjogja.com/public/post/index/index.html]
[tkkhalifahjogja.com/resource/doc/news_images/8084-Tips-mendidik-anak-puasa.jpg]
[tkkhalifahjogja.com/resource/doc/news_images/8041-Khalifah-Banner-Web.jpg]
[tkkhalifahjogja.com/resource/doc/news_images/669-Khalifah.jpg]
[tkkhalifahjogja.com/resource/doc/news_images/4364-Wisuda-April-2018.jpg]
[tkkhalifahjogja.com/resource/doc/news_images/5806-Isra-Miraj.jpg]
[tkkhalifahjogja.com/public/post/index/10.html]
[tkkhalifahjogja.com/resource/doc/news_images/4922-Nutrisi-Bayi-yang-Dibutuhkan-dan-Harus-Diperhatikan.jpg]
[tkkhalifahjogja.com/public/post/index/20.html]
[tkkhalifahjogja.com/resource/doc/news_images/4503-News-2.jpg]
[tkkhalifahjogja.com/public/post/index/45.html]
[tkkhalifahjogja.com/public/post/index/40.html]
[tkkhalifahjogja.com/public/post/index/50.html]
[tkkhalifahjogja.com/public/post/detail/tips-memilih-penitipan-anak-yang-aman.html]
[tkkhalifahjogja.com/public/post/detail/anak-anak-yang-berotak-kanan-di-dunia-yang-berotak-kiri.html]
[tkkhalifahjogja.com/public/post/detail/aku-marah.html]
[tkkhalifahjogja.com/resource/doc/news_images/6984-News-3.jpg]
[tkkhalifahjogja.com/public/post/detail/pentingnya-pendidikan-agama-untuk-anak.html]
[tkkhalifahjogja.com/resource/doc/news_images/no-image.png]
[tkkhalifahjogja.com/public/post/detail/cara-mendidik-anak-ala-rasulullah.html]
[tkkhalifahjogja.com/public/post/detail/hikmah-mengantri.html]
[tkkhalifahjogja.com/public/post/detail/deteksi-dini-potensi-anak-tips-mengenali-bakat-anak]
[tkkhalifahjogja.com/resource/doc/news_images/6735-Unduhan-(17).jpg]
[tkkhalifahjogja.com/public/post/detail/mendidik-anak-dengan-tauhid.html]
[tkkhalifahjogja.com/public/post/detail/tujuh-superstar-nutrisi.html]
[tkkhalifahjogja.com/resource/doc/news_images/6518-Gambar-Artikel-Web.jpg]
[tkkhalifahjogja.com/public/post/detail/merawat-gigi-sejak-dini.html]
[tkkhalifahjogja.com/public/post/detail/tips-anak-tetap-sehat-pada-peralihan-musim.html]
[tkkhalifahjogja.com/public/post/detail/kunjungan-studi-banding-dari-tk-ba-aisyiyah-mangkujayan-ponorogo.html]
[tkkhalifahjogja.com/resource/doc/news_images/237-1.jpg]
[tkkhalifahjogja.com/public/post/detail/pentas-seni-&-keakraban-khalifah-condongcatur.html]
[tkkhalifahjogja.com/public/post/detail/program-pelatihan-singkat.html]
[tkkhalifahjogja.com/resource/doc/news_images/9548-Poster.jpg]
[tkkhalifahjogja.com/public/post/detail/penerimaan-siswa-baru-2017-2018.html]
[tkkhalifahjogja.com/public/post/detail/ayahku-inspirasiku.html]
[tkkhalifahjogja.com/public/post/detail/cooking-class-tk-khalifah-condong-catur-yogyakarta.html]
[tkkhalifahjogja.com/public/post/detail/ayah-bunda..9d24.html]
[tkkhalifahjogja.com/resource/doc/news_images/8964-Pendaftaran-Des-2017.jpg]
[tkkhalifahjogja.com/public/post/detail/hot-promo-desember-2017.html]
[tkkhalifahjogja.com/resource/doc/news_images/678-Main-Angklung.jpg]
[tkkhalifahjogja.com/public/post/detail/melatih-konsentrasi-dengan-bermain-musik.html]
[tkkhalifahjogja.com/resource/doc/news_images/5039-Liburan.jpg]
[tkkhalifahjogja.com/public/post/detail/5-tips-mengisi-liburan-sekolah-anak-yang-bermanfaat.html]
[tkkhalifahjogja.com/resource/doc/news_images/901-Hari-Ibu.jpg]
[tkkhalifahjogja.com/public/post/detail/selamat-hari-ibu.html]
[tkkhalifahjogja.com/resource/doc/news_images/4386-Nasi-Goreng-Bento.jpg]
[tkkhalifahjogja.com/public/post/detail/tutorial-membuat-sunny-box-bento.html]
[tkkhalifahjogja.com/resource/doc/news_images/8627-Jadi-Pilot.jpg]
[tkkhalifahjogja.com/public/post/detail/aku-ingin-menjadi-pilot.html]
[tkkhalifahjogja.com/resource/doc/news_images/4732-Kunjungan-Ke-Manna-Bakery.jpg]
[tkkhalifahjogja.com/public/post/detail/siapa-mau-jadi-pengusaha-roti-.html]
[tkkhalifahjogja.com/public/post/detail/outing-class-ke-pemadam-kebakaran.html]
[tkkhalifahjogja.com/resource/doc/news_images/1706-Tk-Khalifah-Jogja.jpg]
[tkkhalifahjogja.com/public/post/detail/happy-khalifah-family.html]
[tkkhalifahjogja.com/resource/doc/news_images/8002-Tk-Khalifah-Jogja-17.jpg]
[tkkhalifahjogja.com/public/post/detail/dampingi-buah-hati-anda-saat-belajar.html]
[tkkhalifahjogja.com/resource/doc/news_images/439-Berbagi.jpg]
[tkkhalifahjogja.com/public/post/detail/ajarkan-anak--untuk-berbagi.html]
[tkkhalifahjogja.com/public/post/detail/pentas-angklung-anak-–-anak-pgtk-khalifah-yogyakarta-di-ambarukmo-plaza.html]
[tkkhalifahjogja.com/public/post/detail/peringatan-isra-mi’raj-nabi-muhammad-saw-di-tk--pg-khalifah-yogyakarta.html]
[tkkhalifahjogja.com/public/post/detail/akhirusanahwisuda-tk-khalifah-yogyakarta.html]
[tkkhalifahjogja.com/public/post/detail/pg--tk-khalifah-gedong-kuning-pindah-lokasi.html]
[tkkhalifahjogja.com/public/post/detail/5-perilaku-yang-harus-diiliki-ayah-bunda-saat-mendidik-anak.html]
[tkkhalifahjogja.com/public/post/detail/tips-penting-memilih-sekolah-taman-kanakkanak-tk.html]
[tkkhalifahjogja.com/public/post/detail/melatih-anak-berpuasa-sejak-dini.html]
[tkkhalifahjogja.com/public/post/detail/mabit-ramadhan-1440-h-tk-khalifah-condongcatur.html]
[tkkhalifahjogja.com/resource/doc/news_images/9349-P_20160414_103612.jpg]
[tkkhalifahjogja.com/public/post/detail/pentingnya-menghargai-perasaan-anak.html]
[tkkhalifahjogja.com/public/post/detail/program-unggulan.html]
[tkkhalifahjogja.com/resource/doc/news_images/8897-BANGGA-DGN-HASIL-KARYAKU.jpg]
[tkkhalifahjogja.com/public/post/detail/bangga-dengan-hasil-karyaku.html]
[tkkhalifahjogja.com/resource/doc/news_images/505-Web-1.jpg]
[tkkhalifahjogja.com/public/post/detail/merasakan-angin-disekitar-kita.html]
[tkkhalifahjogja.com/resource/doc/news_images/2536-WEB-3.jpg]
[tkkhalifahjogja.com/public/post/detail/berenang-asyik-di-kids-fun.html]
[tkkhalifahjogja.com/resource/doc/news_images/5293-Parents-Day-2.jpg]
[tkkhalifahjogja.com/public/post/detail/belajar-bersama-orang-tua.html]
[tkkhalifahjogja.com/resource/doc/news_images/8380-Khalifah-Gedongkuning-1.jpg]
[tkkhalifahjogja.com/public/post/detail/mengenalkan-pasar-tradisional-sejak-dini-pada-anak.html]
[tkkhalifahjogja.com/resource/doc/news_images/387-Khalifah-Condongcatur.jpg]
[tkkhalifahjogja.com/public/post/detail/mengenalkan-teknologi-komunikasi-dan-informatika-kepada-anak-anak.html]
[tkkhalifahjogja.com/public/post/detail/gemar-membaca-sejak-usia-dini.html]
[tkkhalifahjogja.com/public/post/detail/berlatih-terampil-sejak-dini.html]
[tkkhalifahjogja.com/public/post/detail/gigiku-sehat.html]
[tkkhalifahjogja.com/resource/doc/page/432-Logo-TK-Khalifah.jpg]
[tkkhalifahjogja.com/public/notice/index/3.html]
[tkkhalifahjogja.com/public/notice/detail/syarat-pendaftaran-siswa-baru.html]
[tkkhalifahjogja.com/resource/doc/gallery_images/1364-19.jpg]
[tkkhalifahjogja.com/resource/doc/gallery_images/7989-17.jpg]
[tkkhalifahjogja.com/public/notice/index/index.html]
[tkkhalifahjogja.com/resource/doc/gallery_images/8546-9.jpg]
[tkkhalifahjogja.com/resource/doc/gallery_images/4534-8.jpg]
[tkkhalifahjogja.com/resource/doc/gallery_images/1292-6.jpg]
[tkkhalifahjogja.com/resource/doc/gallery_images/6832-4.jpg]
[tkkhalifahjogja.com/resource/doc/gallery_images/2570-3.jpg]
[tkkhalifahjogja.com/resource/doc/gallery_images/1285-2.jpg]
[tkkhalifahjogja.com/public/gallery/detail/12.html]
[tkkhalifahjogja.com/resource/doc/gallery_images/5677-1.jpg]
[tkkhalifahjogja.com/resource/doc/gallery_images/5347-P_20161106_145324.jpg]
[tkkhalifahjogja.com/resource/doc/gallery_images/4549-P_20161106_145355.jpg]
[tkkhalifahjogja.com/resource/doc/gallery_images/9934-P_20161106_142423.jpg]
[tkkhalifahjogja.com/public/gallery/detail/11.html]
[tkkhalifahjogja.com/resource/doc/gallery_images/1777-P_20161106_125153.jpg]
[tkkhalifahjogja.com/resource/doc/gallery_images/5644-IMG-20161125-WA0014.jpg]
[tkkhalifahjogja.com/resource/doc/gallery_images/9878-IMG-20161125-WA0017.jpg]
[tkkhalifahjogja.com/resource/doc/gallery_images/2219-IMG-20161125-WA0016.jpg]
[tkkhalifahjogja.com/resource/doc/gallery_images/2135-IMG-20161125-WA0018.jpg]
[tkkhalifahjogja.com/public/gallery/detail/10.html]
[tkkhalifahjogja.com/resource/doc/gallery_images/313-IMG-20160309-WA0004.jpg]
[tkkhalifahjogja.com/resource/doc/gallery_images/3012-IMG-20160309-WA0003.jpg]
[tkkhalifahjogja.com/resource/doc/gallery_images/5752-P7240391.jpg]
[tkkhalifahjogja.com/resource/doc/gallery_images/6007-P7240385.jpg]
[tkkhalifahjogja.com/resource/doc/gallery_images/2148-P7240380.jpg]
[tkkhalifahjogja.com/resource/doc/gallery_images/275-P7240374.jpg]
[tkkhalifahjogja.com/resource/doc/gallery_images/9729-IMG01588-20130727-1605.jpg]
[tkkhalifahjogja.com/resource/doc/gallery_images/2537-DSCN1120.jpg]
[tkkhalifahjogja.com/resource/doc/gallery_images/4375-DSC01100.jpg]
[tkkhalifahjogja.com/resource/doc/gallery_images/3073-DSC01097.jpg]
[tkkhalifahjogja.com/resource/doc/gallery_images/4225-DSC01095.jpg]
[tkkhalifahjogja.com/resource/doc/gallery_images/7139-DSC01082.jpg]
[tkkhalifahjogja.com/resource/doc/gallery_images/4785-DSC01080.jpg]
[tkkhalifahjogja.com/resource/doc/gallery_images/9802-DSC01079.jpg]
[tkkhalifahjogja.com/resource/doc/gallery_images/1279-DSC01077.jpg]
[tkkhalifahjogja.com/resource/doc/gallery_images/2965-DSC01075.jpg]
[tkkhalifahjogja.com/resource/doc/gallery_images/8112-DSC01070.jpg]
[tkkhalifahjogja.com/public/gallery/detail/9.html]
[tkkhalifahjogja.com/resource/doc/gallery_images/9096-Pemerksaan-Kshtan.jpg]
[tkkhalifahjogja.com/resource/doc/gallery_images/4104-Pemeriksaan-Kshtan.jpg]
[tkkhalifahjogja.com/resource/doc/gallery_images/5537-Pemeriksaan-Kesehatan1.jpg]
[tkkhalifahjogja.com/resource/doc/gallery_images/5098-P8270313.jpg]
[tkkhalifahjogja.com/resource/doc/gallery_images/2430-DSCN1329.jpg]
[tkkhalifahjogja.com/resource/doc/gallery_images/5119-DSCN1324.jpg]
[tkkhalifahjogja.com/resource/doc/gallery_images/844-DSCN1323.jpg]
[tkkhalifahjogja.com/resource/doc/gallery_images/9045-DSCN1321.jpg]
[tkkhalifahjogja.com/public/gallery/detail/8.html]
[tkkhalifahjogja.com/resource/doc/gallery_images/7603-12806076_1523512014610555_6149199142172665711_n.jpg]
[tkkhalifahjogja.com/resource/doc/gallery_images/8372-12804846_1522631594698597_7224615436873576386_n.jpg]
[tkkhalifahjogja.com/public/gallery/detail/7.html]
[tkkhalifahjogja.com/resource/doc/gallery_images/4976-IMG-20160405-WA0002.jpg]
[tkkhalifahjogja.com/resource/doc/gallery_images/5180-IMG-20160405-WA0004.jpg]
[tkkhalifahjogja.com/resource/doc/gallery_images/3766-IMG-20160405-WA0005.jpg]
[tkkhalifahjogja.com/resource/doc/gallery_images/218-IMG-20160405-WA0007.jpg]
[tkkhalifahjogja.com/resource/doc/gallery_images/7999-10367792_1523166614645095_9084034786429782059_n.jpg]
[tkkhalifahjogja.com/resource/doc/gallery_images/3461-11339_1523118127983277_812843236233867284_n.jpg]
[tkkhalifahjogja.com/resource/doc/gallery_images/4727-12729121_1517844515177305_4064748616948939400_n.jpg]
[tkkhalifahjogja.com/resource/doc/gallery_images/697-P9130429.jpg]
[tkkhalifahjogja.com/resource/doc/gallery_images/9597-P9130427.jpg]
[tkkhalifahjogja.com/resource/doc/gallery_images/9993-P9130423.jpg]
[tkkhalifahjogja.com/resource/doc/gallery_images/902-Outing-Membuat-Telur-Asin.jpg]
[tkkhalifahjogja.com/resource/doc/gallery_images/7974-Outing-Ke-Kepurun.jpg]
[tkkhalifahjogja.com/resource/doc/gallery_images/3223-IMG01866-20131108-1048.jpg]
[tkkhalifahjogja.com/resource/doc/gallery_images/1245-IMG01859-20131108-0925.jpg]
[tkkhalifahjogja.com/resource/doc/gallery_images/4862-IMG01856-20131108-0920.jpg]
[tkkhalifahjogja.com/resource/doc/gallery_images/6901-Banguntapan-20130930-00844.jpg]
[tkkhalifahjogja.com/resource/doc/gallery_images/2761-Outing2.jpg]
[tkkhalifahjogja.com/resource/doc/gallery_images/2113-Outing.jpg]
[tkkhalifahjogja.com/resource/doc/gallery_images/195-20130919_105950.jpg]
[tkkhalifahjogja.com/resource/doc/gallery_images/9638-20130919_093329.jpg]
[tkkhalifahjogja.com/resource/doc/gallery_images/493-7.jpg]
[tkkhalifahjogja.com/resource/doc/gallery_images/2214-5.jpg]
[tkkhalifahjogja.com/resource/doc/gallery_images/208-4.jpg]
[tkkhalifahjogja.com/resource/doc/gallery_images/1749-3.jpg]
[tkkhalifahjogja.com/resource/doc/gallery_images/6545-2.jpg]
[tkkhalifahjogja.com/public/gallery/detail/6.html]
[tkkhalifahjogja.com/resource/doc/gallery_images/3143-12688017_1517921095169647_9165853283881045162_n.jpg]
[tkkhalifahjogja.com/resource/doc/gallery_images/9741-IMG_9013.jpg]
[tkkhalifahjogja.com/resource/doc/gallery_images/9590-IMG_8917.jpg]
[tkkhalifahjogja.com/resource/doc/gallery_images/3609-IMG_8905.jpg]
[tkkhalifahjogja.com/resource/doc/gallery_images/4300-IMG_3838.jpg]
[tkkhalifahjogja.com/public/gallery/detail/5.html]
[tkkhalifahjogja.com/resource/doc/gallery_images/4906-12743945_1518214631806960_748177538231472709_n.jpg]
[tkkhalifahjogja.com/resource/doc/gallery_images/5421-12742118_1518220911806332_2209203616036773197_n.jpg]
[tkkhalifahjogja.com/resource/doc/gallery_images/6206-Seminar_parenting_03.jpg]
[tkkhalifahjogja.com/public/gallery/detail/4.html]
[tkkhalifahjogja.com/resource/doc/gallery_images/7897-100_27321-B.jpg]
[tkkhalifahjogja.com/resource/doc/gallery_images/92-P13103411-B.jpg]
[tkkhalifahjogja.com/resource/doc/gallery_images/9492-IMG-20160406-WA0001-BB.jpg]
[tkkhalifahjogja.com/resource/doc/gallery_images/2964-Win_wijanarko_02.jpg]
[tkkhalifahjogja.com/resource/doc/gallery_images/8776-Pengurus_01.jpg]
[tkkhalifahjogja.com/resource/doc/gallery_images/8315-Ippho_santosa_02.jpg]
[tkkhalifahjogja.com/public/gallery/detail/3.html]
[tkkhalifahjogja.com/resource/doc/gallery_images/8586-Dunia_keceriaan_anak_03.jpg]
[tkkhalifahjogja.com/public/gallery/detail/2.html]
[connect.facebook.net/id_ID/all.js]
[tkkhalifahjogja.com/public/post/index.html]
[tkkhalifahjogja.com/public/notice/detail/pendaftaran-siswa-baru-tahun-ajaran-2019-2020]
[tkkhalifahjogja.com/public/notice/detail/akademi-ayah-bunda-3]
[tkkhalifahjogja.com/public/index.html]
[tkkhalifahjogja.com/resource/themes/public/images/pattern_2_left_bg.png]
[tkkhalifahjogja.com/resource/doc/news_images/8459-Lokasi-Gedong-Kuning-Yang-Baru.jpg]
[tkkhalifahjogja.com/public/post/index/index.html]
[tkkhalifahjogja.com/public/notice/index.html]
[tkkhalifahjogja.com/resource/doc/news_images/8577-Angklung-Di-Amplaz.jpg]
[tkkhalifahjogja.com/public/post/index/15.html]
[tkkhalifahjogja.com/public/post/index/20.html]
[tkkhalifahjogja.com/public/post/index/25.html]
[tkkhalifahjogja.com/resource/doc/news_images/1839-New.jpg]
[tkkhalifahjogja.com/resource/doc/news_images/6378-News-4.jpg]
[tkkhalifahjogja.com/public/post/index/45.html]
[tkkhalifahjogja.com/public/post/index/40.html]
[tkkhalifahjogja.com/resource/doc/news_images/7408-Tips-bisnis-penitipan-anak.jpg]
[tkkhalifahjogja.com/public/post/index/35.html]
[tkkhalifahjogja.com/public/post/detail/deteksi-dini-potensi-anak-tips-mengenali-bakat-anak]
[tkkhalifahjogja.com/resource/doc/news_images/901-Hari-Ibu.jpg]
[tkkhalifahjogja.com/resource/doc/news_images/3294-Pemadam-Kebakaran.jpg]
[tkkhalifahjogja.com/public/notice/index/index.html]
[tkkhalifahjogja.com/resource/doc/static_images/5060-Peringatan-Hari-Besar-Islam.jpg]
[tkkhalifahjogja.com/resource/doc/gallery_images/9878-IMG-20161125-WA0017.jpg]
[tkkhalifahjogja.com/resource/doc/gallery_images/3679-P7240390.JPG]
[tkkhalifahjogja.com/resource/doc/gallery_images/9236-P7240384.JPG]
[tkkhalifahjogja.com/resource/doc/gallery_images/3583-IMG_20130726_164336.jpg]
[tkkhalifahjogja.com/resource/doc/gallery_images/460-DSC01102.JPG]
[tkkhalifahjogja.com/resource/doc/gallery_images/2986-DSC01083.JPG]
[tkkhalifahjogja.com/resource/doc/gallery_images/6335-DSC01078.JPG]
[tkkhalifahjogja.com/resource/doc/gallery_images/6600-DSC01081.JPG]
[tkkhalifahjogja.com/resource/doc/gallery_images/627-DSC01069.JPG]
[tkkhalifahjogja.com/resource/doc/gallery_images/8081-Pemeriksaan-Keshtan.jpg]
[tkkhalifahjogja.com/resource/doc/gallery_images/6003-Suasana-Pengajian.jpg]
[tkkhalifahjogja.com/resource/doc/gallery_images/7055-P9130419.JPG]
[tkkhalifahjogja.com/resource/doc/gallery_images/7804-Outing-Kebun-Strowberi.jpg]
[tkkhalifahjogja.com/resource/doc/gallery_images/154-IMG01855-20131108-0919.jpg]
[tkkhalifahjogja.com/resource/doc/gallery_images/1645-Banguntapan-20130930-00841.jpg]
[tkkhalifahjogja.com/resource/doc/gallery_images/539-Bakpia.jpg]
[tkkhalifahjogja.com/resource/doc/gallery_images/2865-9.jpg]
[tkkhalifahjogja.com/resource/doc/gallery_images/976-1.jpg]
[tkkhalifahjogja.com/resource/doc/gallery_images/5297-IMG_9019.JPG]
[tkkhalifahjogja.com/resource/doc/gallery_images/5949-IMG_1515.JPG]
[tkkhalifahjogja.com/resource/doc/gallery_images/6157-Seminar_parenting_02.jpg]
[tkkhalifahjogja.com/resource/doc/gallery_images/1240-Pengurus_02.jpg]
[tkkhalifahjogja.com/resource/doc/gallery_images/6599-1439899377585.jpg]
[tkkhalifahjogja.com/public/index.html]
[tkkhalifahjogja.com/public/notice/index.html]
[tkkhalifahjogja.com/public/post/index/25.html]
[tkkhalifahjogja.com/public/post/index/30]
[tkkhalifahjogja.com/public/post/index/35.html]
[tkkhalifahjogja.com/resource/doc/news_images/4386-Nasi-Goreng-Bento.jpg]
[tkkhalifahjogja.com/resource/doc/gallery_images/564-IMG01587-20130727-1604.jpg]
[tkkhalifahjogja.com/public/gallery/index.html]
[tkkhalifahjogja.com/resource/doc/gallery_images/8358-DSC01099.JPG]
[tkkhalifahjogja.com/resource/doc/gallery_images/5967-DSC01076.JPG]
[tkkhalifahjogja.com/resource/doc/gallery_images/5770-IMG-20130829-00729.jpg]
[tkkhalifahjogja.com/resource/doc/gallery_images/9217-IMG01858-20131108-0920.jpg]
[tkkhalifahjogja.com/resource/doc/gallery_images/2076-20130919_100208.jpg]
[tkkhalifahjogja.com/resource/doc/gallery_images/3153-IMG_9012.JPG]
[tkkhalifahjogja.com/resource/doc/gallery_images/4766-12687904_1517836838511406_734176106327002250_n.jpg]
[tkkhalifahjogja.com/resource/doc/gallery_images/9094-Win_wijanarko_01.jpg]
[tkkhalifahjogja.com/public/post/index/30]
[tkkhalifahjogja.com/public/gallery/index.html]
[tkkhalifahjogja.com/resource/doc/gallery_images/2182-12715792_1518750005086756_8117898224369880113_n.jpg]
[tkkhalifahjogja.com/resource/doc/gallery_images/7284-20130917_093333.jpg]
[tkkhalifahjogja.com/resource/doc/gallery_images/2987-Banguntapan-20130930-00848.jpg]
[tkkhalifahjogja.com/resource/doc/gallery_images/9496-8.jpg]
[tkkhalifahjogja.com/resource/doc/gallery_images/9818-IMG_1475.JPG]
[tkkhalifahjogja.com/resource/doc/gallery_images/4743-Dunia_keceriaan_anak_02.jpg]
